[.008] CPU Pinning: NUMA node 0 (cores: 0 1 2 3 4 5 6 7 8 9 10 11 12 13 14 15 16 17 18 19 20 21 22 23 24 25 26 27 28 29 30 31 64 65 66 67 68 69 70 71 72 73 74 75 76 77 78 79 80 81 82 83 84 85 86 87 88 89 90 91 92 93 94 95)
[.013] ========================================================
[.018]   YOCO-MoE-30B-A3B-V3: F16 vs I2_S Benchmark
[.021]   Config: 20 layers (10 self + 10 cross)
[.025]   d_model=3072, head=32, cross_head=32, kv_head=8
[.028]   head_dim=128, diff_v3=True, yoco_window=512
[.032]   MoE: 128 experts, top-8, ffn_dim=1280
[.036]   Total params: ~31.77B, Active: ~3.45B
[.040]   Threads: 32
[.043]   CPU Affinity: NUMA node 0
[.047] ========================================================
[.051] 
[.055] --- Model Sizes ---
[.059]   F16:  60G
[.064]   I2_S: 8.0G
[.068] 
[.071] --- F16 Benchmark ---
[6.970] | model                          |       size |     params | backend    | threads |            test |                  t/s |
[6.976] | ------------------------------ | ---------: | ---------: | ---------- | ------: | --------------: | -------------------: |
[6.980] | bitnet YOCO-30B.A3B F16        |  59.25 GiB |    31.79 B | CPU        |      32 |           pp128 |        129.29 ± 2.64 |
[14.854] | bitnet YOCO-30B.A3B F16        |  59.25 GiB |    31.79 B | CPU        |      32 |           pp256 |        130.24 ± 1.64 |
[29.640] | bitnet YOCO-30B.A3B F16        |  59.25 GiB |    31.79 B | CPU        |      32 |           pp512 |        139.78 ± 0.37 |
[59.719] | bitnet YOCO-30B.A3B F16        |  59.25 GiB |    31.79 B | CPU        |      32 |          pp1024 |        136.03 ± 3.55 |
[62.245] | bitnet YOCO-30B.A3B F16        |  59.25 GiB |    31.79 B | CPU        |      32 |            tg16 |         19.56 ± 0.10 |
[67.221] | bitnet YOCO-30B.A3B F16        |  59.25 GiB |    31.79 B | CPU        |      32 |            tg32 |         19.53 ± 0.05 |
[77.425] | bitnet YOCO-30B.A3B F16        |  59.25 GiB |    31.79 B | CPU        |      32 |            tg64 |         18.95 ± 0.78 |
[97.282] | bitnet YOCO-30B.A3B F16        |  59.25 GiB |    31.79 B | CPU        |      32 |           tg128 |         19.40 ± 0.02 |
[137.229] | bitnet YOCO-30B.A3B F16        |  59.25 GiB |    31.79 B | CPU        |      32 |           tg256 |         19.26 ± 0.07 |
[138.434] 
[138.440] build: c7a218c6e (9939)
[138.446] 
[138.450] --- I2_S Benchmark ---
[142.534] | model                          |       size |     params | backend    | threads |            test |                  t/s |
[142.539] | ------------------------------ | ---------: | ---------: | ---------- | ------: | --------------: | -------------------: |
[142.543] | bitnet YOCO-30B.A3B I2_S       |   7.91 GiB |    31.79 B | CPU        |      32 |           pp128 |        357.37 ± 6.37 |
[145.350] | bitnet YOCO-30B.A3B I2_S       |   7.91 GiB |    31.79 B | CPU        |      32 |           pp256 |       372.60 ± 19.40 |
[150.977] | bitnet YOCO-30B.A3B I2_S       |   7.91 GiB |    31.79 B | CPU        |      32 |           pp512 |        368.57 ± 3.56 |
[162.577] | bitnet YOCO-30B.A3B I2_S       |   7.91 GiB |    31.79 B | CPU        |      32 |          pp1024 |        355.18 ± 2.50 |
[163.446] | bitnet YOCO-30B.A3B I2_S       |   7.91 GiB |    31.79 B | CPU        |      32 |            tg16 |         57.95 ± 0.56 |
[165.119] | bitnet YOCO-30B.A3B I2_S       |   7.91 GiB |    31.79 B | CPU        |      32 |            tg32 |         58.81 ± 0.21 |
[168.378] | bitnet YOCO-30B.A3B I2_S       |   7.91 GiB |    31.79 B | CPU        |      32 |            tg64 |         59.62 ± 0.51 |
[175.067] | bitnet YOCO-30B.A3B I2_S       |   7.91 GiB |    31.79 B | CPU        |      32 |           tg128 |         57.69 ± 1.09 |
[188.677] | bitnet YOCO-30B.A3B I2_S       |   7.91 GiB |    31.79 B | CPU        |      32 |           tg256 |         56.54 ± 0.09 |
[188.946] 
[188.951] build: c7a218c6e (9939)
[188.956] 
[188.961] Done.
