[.007] CPU Pinning: NUMA node 0 (cores: 0 1 2 3 4 5 6 7 8 9 10 11 12 13 14 15 16 17 18 19 20 21 22 23 24 25 26 27 28 29 30 31 64 65 66 67 68 69 70 71 72 73 74 75 76 77 78 79 80 81 82 83 84 85 86 87 88 89 90 91 92 93 94 95)
[.012] ========================================================
[.016]   YOCO-U-MoE-30B-A3B-V3: F16 vs I2_S Benchmark
[.020]   Config: 40 layers (10 self x T=3 + 10 cross)
[.024]   d_model=3072, head=32, cross_head=32, kv_head=8
[.028]   head_dim=128, diff_v3=True, yoco_window=512
[.031]   MoE: 128 experts, top-8, ffn_dim=1280
[.036]   Unique params: ~31.77B, Active compute: ~6.47B
[.040]   Self-decoder: 10 unique layers x T=3 (shared weights)
[.044]   Threads: 32
[.047]   CPU Affinity: NUMA node 0
[.051] ========================================================
[.054] 
[.059] --- Model Sizes ---
[.064]   F16:  60G
[.067]   I2_S: 8.0G
[.072] 
[.076] --- F16 Benchmark ---
[42.138] | model                          |       size |     params | backend    | threads |            test |                  t/s |
[42.143] | ------------------------------ | ---------: | ---------: | ---------- | ------: | --------------: | -------------------: |
[42.147] | bitnet YOCO-U-30B.A6B F16      |  59.25 GiB |    31.79 B | CPU        |      32 |           pp128 |         61.86 ± 0.70 |
[57.998] | bitnet YOCO-U-30B.A6B F16      |  59.25 GiB |    31.79 B | CPU        |      32 |           pp256 |         64.75 ± 0.16 |
[88.376] | bitnet YOCO-U-30B.A6B F16      |  59.25 GiB |    31.79 B | CPU        |      32 |           pp512 |         68.32 ± 0.08 |
[148.852] | bitnet YOCO-U-30B.A6B F16      |  59.25 GiB |    31.79 B | CPU        |      32 |          pp1024 |         67.95 ± 0.10 |
[153.646] | bitnet YOCO-U-30B.A6B F16      |  59.25 GiB |    31.79 B | CPU        |      32 |            tg16 |         10.31 ± 0.05 |
[163.141] | bitnet YOCO-U-30B.A6B F16      |  59.25 GiB |    31.79 B | CPU        |      32 |            tg32 |         10.25 ± 0.03 |
[182.240] | bitnet YOCO-U-30B.A6B F16      |  59.25 GiB |    31.79 B | CPU        |      32 |            tg64 |         10.12 ± 0.16 |
[220.058] | bitnet YOCO-U-30B.A6B F16      |  59.25 GiB |    31.79 B | CPU        |      32 |           tg128 |         10.19 ± 0.01 |
[295.636] | bitnet YOCO-U-30B.A6B F16      |  59.25 GiB |    31.79 B | CPU        |      32 |           tg256 |         10.18 ± 0.01 |
[298.609] 
[298.615] build: c7a218c6e (9939)
[298.620] 
[298.624] --- I2_S Benchmark ---
[306.279] | model                          |       size |     params | backend    | threads |            test |                  t/s |
[306.284] | ------------------------------ | ---------: | ---------: | ---------- | ------: | --------------: | -------------------: |
[306.289] | bitnet YOCO-U-30B.A6B I2_S     |   7.91 GiB |    31.79 B | CPU        |      32 |           pp128 |       189.06 ± 17.38 |
[311.372] | bitnet YOCO-U-30B.A6B I2_S     |   7.91 GiB |    31.79 B | CPU        |      32 |           pp256 |        203.11 ± 2.72 |
[322.830] | bitnet YOCO-U-30B.A6B I2_S     |   7.91 GiB |    31.79 B | CPU        |      32 |           pp512 |        179.65 ± 0.84 |
[346.927] | bitnet YOCO-U-30B.A6B I2_S     |   7.91 GiB |    31.79 B | CPU        |      32 |          pp1024 |        170.19 ± 1.78 |
[348.448] | bitnet YOCO-U-30B.A6B I2_S     |   7.91 GiB |    31.79 B | CPU        |      32 |            tg16 |         33.15 ± 0.59 |
[351.464] | bitnet YOCO-U-30B.A6B I2_S     |   7.91 GiB |    31.79 B | CPU        |      32 |            tg32 |         32.52 ± 0.13 |
[357.504] | bitnet YOCO-U-30B.A6B I2_S     |   7.91 GiB |    31.79 B | CPU        |      32 |            tg64 |         32.13 ± 0.38 |
[369.927] | bitnet YOCO-U-30B.A6B I2_S     |   7.91 GiB |    31.79 B | CPU        |      32 |           tg128 |         31.08 ± 0.09 |
[394.348] | bitnet YOCO-U-30B.A6B I2_S     |   7.91 GiB |    31.79 B | CPU        |      32 |           tg256 |         31.53 ± 0.16 |
[394.716] 
[394.722] build: c7a218c6e (9939)
[394.726] 
[394.731] Done.
