[.008] CPU Pinning: NUMA node 0 (cores: 0 1 2 3 4 5 6 7 8 9 10 11 12 13 14 15 16 17 18 19 20 21 22 23 24 25 26 27 28 29 30 31 64 65 66 67 68 69 70 71 72 73 74 75 76 77 78 79 80 81 82 83 84 85 86 87 88 89 90 91 92 93 94 95)
[.013] ========================================================
[.017]   YOCO-U-Dense-3B (d_ffn=9216): F16 vs I2_S Benchmark
[.021]   Config: 20 stored layers (10 self + 10 cross)
[.025]   d_model=3072, head=32, cross_head=32, kv_head=8
[.028]   head_dim=128, diff_v3=True, yoco_window=512
[.032]   Dense FFN (SwiGLU): intermediate_size=9216
[.036]   yoco_u_iters=3 (self-decoder looped T=3)
[.041]   Stored params: ~3.0B, Effective compute: ~6B
[.046]   Threads: 32
[.050]   CPU Affinity: NUMA node 0
[.053] ========================================================
[.057] 
[.060] --- Model Sizes ---
[.063]   F16:  5.7G
[.066]   I2_S: 1.1G
[.069] 
[.073] --- F16 Benchmark ---
[2.133] | model                          |       size |     params | backend    | threads |            test |                  t/s |
[2.139] | ------------------------------ | ---------: | ---------: | ---------- | ------: | --------------: | -------------------: |
[2.144] | bitnet YOCO-3B F16             |   5.63 GiB |     3.02 B | CPU        |      32 |           pp128 |        337.92 ± 0.46 |
[5.100] | bitnet YOCO-3B F16             |   5.63 GiB |     3.02 B | CPU        |      32 |           pp256 |        348.52 ± 2.80 |
[11.075] | bitnet YOCO-3B F16             |   5.63 GiB |     3.02 B | CPU        |      32 |           pp512 |        347.45 ± 0.67 |
[23.168] | bitnet YOCO-3B F16             |   5.63 GiB |     3.02 B | CPU        |      32 |          pp1024 |        341.24 ± 0.36 |
[28.421] | bitnet YOCO-3B F16             |   5.63 GiB |     3.02 B | CPU        |      32 |            tg16 |          9.36 ± 0.01 |
[38.804] | bitnet YOCO-3B F16             |   5.63 GiB |     3.02 B | CPU        |      32 |            tg32 |          9.36 ± 0.00 |
[59.455] | bitnet YOCO-3B F16             |   5.63 GiB |     3.02 B | CPU        |      32 |            tg64 |          9.35 ± 0.01 |
[100.878] | bitnet YOCO-3B F16             |   5.63 GiB |     3.02 B | CPU        |      32 |           tg128 |          9.30 ± 0.07 |
[183.382] | bitnet YOCO-3B F16             |   5.63 GiB |     3.02 B | CPU        |      32 |           tg256 |          9.32 ± 0.00 |
[183.618] 
[183.624] build: c7a218c6e (9939)
[183.629] 
[183.633] --- I2_S Benchmark ---
[184.715] | model                          |       size |     params | backend    | threads |            test |                  t/s |
[184.720] | ------------------------------ | ---------: | ---------: | ---------- | ------: | --------------: | -------------------: |
[184.725] | bitnet YOCO-3B I2_S            |   1.07 GiB |     3.02 B | CPU        |      32 |           pp128 |      671.15 ± 134.19 |
[186.277] | bitnet YOCO-3B I2_S            |   1.07 GiB |     3.02 B | CPU        |      32 |           pp256 |       681.38 ± 17.27 |
[190.176] | bitnet YOCO-3B I2_S            |   1.07 GiB |     3.02 B | CPU        |      32 |           pp512 |       534.44 ± 20.47 |
[198.152] | bitnet YOCO-3B I2_S            |   1.07 GiB |     3.02 B | CPU        |      32 |          pp1024 |       520.82 ± 11.19 |
[199.428] | bitnet YOCO-3B I2_S            |   1.07 GiB |     3.02 B | CPU        |      32 |            tg16 |         38.96 ± 0.07 |
[201.932] | bitnet YOCO-3B I2_S            |   1.07 GiB |     3.02 B | CPU        |      32 |            tg32 |         38.99 ± 0.07 |
[206.902] | bitnet YOCO-3B I2_S            |   1.07 GiB |     3.02 B | CPU        |      32 |            tg64 |         38.89 ± 0.02 |
[216.845] | bitnet YOCO-3B I2_S            |   1.07 GiB |     3.02 B | CPU        |      32 |           tg128 |         38.75 ± 0.01 |
[236.818] | bitnet YOCO-3B I2_S            |   1.07 GiB |     3.02 B | CPU        |      32 |           tg256 |         38.52 ± 0.02 |
[236.869] 
[236.875] build: c7a218c6e (9939)
[236.880] 
[236.884] Done.
